1. Create `cursor` directory and test.txt file

mariana@mariana-VirtualBox:~$ cd –î–æ–∫—É–º–µ–Ω—Ç–∏/
mariana@mariana-VirtualBox:~/–î–æ–∫—É–º–µ–Ω—Ç–∏$ mkdir cursor && touch test.txt

2. Copy test.txt file to cursor directory

mariana@mariana-VirtualBox:~/–î–æ–∫—É–º–µ–Ω—Ç–∏$ cp test.txt cursor

3. List the files in the current directory, in ‚Äúlong listing format‚Äù.

mariana@mariana-VirtualBox:~/–î–æ–∫—É–º–µ–Ω—Ç–∏$ ls -l
–∑–∞–≥–∞–ª–æ–º 28
-rw-rw-r-- 1 mariana mariana 16488 –ª—é—Ç 18 18:46 '–ë–µ–∑ –Ω–∞–∑–≤–∏ 1.odt'
drwxrwxr-x 3 mariana mariana  4096 –ª—é—Ç 18 20:44  CURSOR
drwxrwxr-x 2 mariana mariana  4096 –ª—é—Ç 18 20:58  cursor
-rw-rw-r-- 1 mariana mariana     0 –ª—é—Ç 18 20:56  test.txt

4. List all files, including hidden files, in the your home (~) directory, in reverse alphabetical order and long listing format.

mariana@mariana-VirtualBox:~$ ll -lra
–∑–∞–≥–∞–ª–æ–º 104
-rw-rw-r--  1 mariana mariana  169 –ª—é—Ç 18 17:59 .wget-hsts
-rw-rw-r--  1 mariana mariana    0 –ª—é—Ç 18 19:58 test.txt
-rw-r--r--  1 mariana mariana    0 –ª—é—Ç 16 18:53 .sudo_as_admin_successful
drwx------  2 mariana mariana 4096 –ª—é—Ç 16 18:06 .ssh/
drwxr-xr-x  5 mariana mariana 4096 –ª—é—Ç 18 18:57 snap/
drwxrwxr-x  3 mariana mariana 4096 –ª—é—Ç 16 20:06 PycharmProjects/
-rw-r--r--  1 mariana mariana  807 –ª—é—Ç 16 17:16 .profile
drwx------  3 mariana mariana 4096 –ª—é—Ç 18 18:57 .pki/
drwx------  5 mariana mariana 4096 –ª—é—Ç 16 17:49 .mozilla/
drwxr-xr-x  5 mariana mariana 4096 –ª—é—Ç 17 23:19 .local/
drwxrwxr-x  4 mariana mariana 4096 –ª—é—Ç 16 18:59 .java/
drwx------  3 mariana mariana 4096 –ª—é—Ç 18 18:06 .gnupg/
drwxrwxr-x  2 mariana mariana 4096 –ª—é—Ç 18 20:11 cursor/
drwxr-xr-x 15 mariana mariana 4096 –ª—é—Ç 18 18:57 .config/
drwx------ 17 mariana mariana 4096 –ª—é—Ç 17 23:19 .cache/
-rw-r--r--  1 mariana mariana 3771 –ª—é—Ç 16 17:16 .bashrc
-rw-r--r--  1 mariana mariana  220 –ª—é—Ç 16 17:16 .bash_logout
-rw-------  1 mariana mariana 3189 –ª—é—Ç 18 20:52 .bash_history
drwxr-xr-x  2 mariana mariana 4096 –ª—é—Ç 16 17:20 –®–∞–±–ª–æ–Ω–∏/
drwxr-xr-x  2 mariana mariana 4096 –ª—é—Ç 16 17:20 –°—Ç—ñ–ª—å–Ω–∏—Ü—è/
drwxr-xr-x  2 mariana mariana 4096 –ª—é—Ç 16 17:20 –ú—É–∑–∏–∫–∞/
drwxr-xr-x  2 mariana mariana 4096 –ª—é—Ç 16 17:20 –ó–æ–±—Ä–∞–∂–µ–Ω–Ω—è/
drwxr-xr-x  2 mariana mariana 4096 –ª—é—Ç 16 17:20 –ó–∞–≥–∞–ª—å–Ω–æ–¥–æ—Å—Ç—É–ø–Ω—ñ/
drwxr-xr-x  2 mariana mariana 4096 –ª—é—Ç 16 17:20 –ó–∞–≤–∞–Ω—Ç–∞–∂–µ–Ω–Ω—è/
drwxr-xr-x  4 mariana mariana 4096 –ª—é—Ç 18 20:56 –î–æ–∫—É–º–µ–Ω—Ç–∏/
drwxr-xr-x  2 mariana mariana 4096 –ª—é—Ç 16 17:20 –í—ñ–¥–µ–æ/
drwxr-xr-x  3 root    root    4096 –ª—é—Ç 16 17:16 ../
drwxr-xr-x 21 mariana mariana 4096 –ª—é—Ç 18 19:58 ./

5*. Rename the file test.txt to new_test.txt
Hint: Renaming is done using the same command as moving.

mariana@mariana-VirtualBox:~$ cd –î–æ–∫—É–º–µ–Ω—Ç–∏/cursor
mariana@mariana-VirtualBox:~/–î–æ–∫—É–º–µ–Ω—Ç–∏/cursor$ mv test.txt new_test.txt
mariana@mariana-VirtualBox:~/–î–æ–∫—É–º–µ–Ω—Ç–∏/cursor$ ls
new_test.txt

6. Delete the files cursor/test.txt and new_test.txt. Note that your answer must be a single command and not multiple commands.
Hint: Many commands can accept more than one parameter.
mariana@mariana-VirtualBox:~/–î–æ–∫—É–º–µ–Ω—Ç–∏/cursor$ cd ..
mariana@mariana-VirtualBox:~/–î–æ–∫—É–º–µ–Ω—Ç–∏$
mariana@mariana-VirtualBox:~/–î–æ–∫—É–º–µ–Ω—Ç–∏/cursor$ rm cursor/test.txt new_test.txt
mariana@mariana-VirtualBox:~/–î–æ–∫—É–º–µ–Ω—Ç–∏/cursor$ ls
mariana@mariana-VirtualBox:~/–î–æ–∫—É–º–µ–Ω—Ç–∏/cursor$ 

Create hw.txt file under cursor directory

mariana@mariana-VirtualBox:~/–î–æ–∫—É–º–µ–Ω—Ç–∏/cursor$ touch hw.txt

7*. Set the file hw.txt to have a last-modified date of January 1, 2020, 4:15am.
Hint: The man page for the proper command describes the timestamp 'STAMP' format to use. Look for this!
Also note: Linux is case-sensitive when you are specifying file or directory names.
You can use a * (asterisk) as a ‚Äúwild-card‚Äù character to specify a group of files.
For example, *foo means all files whose names end with foo, and foo* means all files whose names begin with foo.
You can use a wildcard in the middle of a file name, such as foo*bar for all files that start with foo and end with bar.

mariana@mariana-VirtualBox:~/–î–æ–∫—É–º–µ–Ω—Ç–∏/cursor$ touch hw.txt -m -t 202001010415
mariana@mariana-VirtualBox:~/–î–æ–∫—É–º–µ–Ω—Ç–∏/cursor$ ls -l
–∑–∞–≥–∞–ª–æ–º 0
-rw-rw-r-- 1 mariana mariana 0 —Å—ñ—á  1  2020 hw.txt
mariana@mariana-VirtualBox:~/–î–æ–∫—É–º–µ–Ω—Ç–∏/cursor$ stat hw.txt
  –§–∞–π–ª: hw.txt
  –†–æ–∑–º—ñ—Ä: 0         	–ë–ª–æ–∫—ñ–≤: 0          –ë–ª–æ–∫ –≤/–≤: 4096   –∑–≤–∏—á–∞–π–Ω–∏–π –ø–æ—Ä–æ–∂–Ω—ñ–π —Ñ–∞–π–ª
–ü—Ä–∏—Å—Ç—Ä—ñ–π: 805h/2053d	Inode: 267456      –ü–æ—Å–∏–ª–∞–Ω–Ω—è: 1
–î–æ—Å—Ç—É–ø: (0664/-rw-rw-r--)  Uid: ( 1000/ mariana)   Gid: ( 1000/ mariana)
–î–æ—Å—Ç—É–ø: 2021-02-18 22:27:32.362389986 +0200
–ú–æ–¥–∏—Ñ.: 2020-01-01 04:15:00.000000000 +0200
 –ó–º—ñ–Ω–∞: 2021-02-18 22:04:32.880131800 +0200

Create hw.sh, hw1.sh, hw2.sh, hw1.txt under the cursor directory

mariana@mariana-VirtualBox:~/–î–æ–∫—É–º–µ–Ω—Ç–∏/cursor$ touch hw.sh hw1.sh hw2.sh hw1.txt
mariana@mariana-VirtualBox:~/–î–æ–∫—É–º–µ–Ω—Ç–∏/cursor$ ls
hw1.sh  hw1.txt  hw2.sh  hw.sh  hw.txt

8. List all files (only with the extension .sh) in the current directory.
Note that the ls command can accept more than one parameter for what files you want it to list.
Hint: Use grep

mariana@mariana-VirtualBox:~/–î–æ–∫—É–º–µ–Ω—Ç–∏/cursor$ ll | grep \.sh
-rw-rw-r-- 1 mariana mariana    0 –ª—é—Ç 19 16:04 hw1.sh
-rw-rw-r-- 1 mariana mariana    0 –ª—é—Ç 19 16:04 hw2.sh

9. Copy all the text files (files whose names end with .txt) from the current folder to the new directory.

mariana@mariana-VirtualBox:~/–î–æ–∫—É–º–µ–Ω—Ç–∏/cursor$ mkdir new_directory
mariana@mariana-VirtualBox:~/–î–æ–∫—É–º–µ–Ω—Ç–∏/cursor$ cp *.txt new_directory
mariana@mariana-VirtualBox:~/–î–æ–∫—É–º–µ–Ω—Ç–∏/cursor$ cd new_directory/
mariana@mariana-VirtualBox:~/–î–æ–∫—É–º–µ–Ω—Ç–∏/cursor/new_directory$ ls
hw1.txt  hw.txt

10. Write `cursor` to the hw.txt file by using echo.

mariana@mariana-VirtualBox:~/–î–æ–∫—É–º–µ–Ω—Ç–∏/cursor/new_directory$ echo 'cursor' > hw.txt

11. Display the contents of hw.txt

mariana@mariana-VirtualBox:~/–î–æ–∫—É–º–µ–Ω—Ç–∏/cursor/new_directory$ cat hw.txt
cursor

12. Change the permissions to 0 for current user and try to Display contents again.

mariana@mariana-VirtualBox:~/–î–æ–∫—É–º–µ–Ω—Ç–∏/cursor/new_directory$ chmod 064 hw.txt
mariana@mariana-VirtualBox:~/–î–æ–∫—É–º–µ–Ω—Ç–∏/cursor/new_directory$ cat hw.txt
cat: hw.txt: –í—ñ–¥–º–æ–≤–ª–µ–Ω–æ —É –¥–æ—Å—Ç—É–ø—ñ

13. Change the permission to rwx for current user only and try again.

mariana@mariana-VirtualBox:~/–î–æ–∫—É–º–µ–Ω—Ç–∏/cursor/new_directory$ chmod 764 hw.txt
mariana@mariana-VirtualBox:~/–î–æ–∫—É–º–µ–Ω—Ç–∏/cursor/new_directory$ cat hw.txt
cursor

14. Write from 1 to 10 in each line in hw.txt by using text reader.

mariana@mariana-VirtualBox:~/–î–æ–∫—É–º–µ–Ω—Ç–∏/cursor/new_directory$ pycharm-community hw.txt
OpenJDK 64-Bit Server VM warning: Option UseConcMarkSweepGC was deprecated in version 9.0 and will likely be removed in a future release.
2021-02-18 23:00:49,899 [  10742]   WARN - llij.ide.plugins.PluginManager - Resource bundle redefinition for plugin 'com.jetbrains.pycharm.community.customization'. Old value: messages.ActionsBundle, new value: messages.PyBundle 
2021-02-18 23:00:55,008 [  15851]   WARN - nSystem.impl.ActionManagerImpl - keymap "Visual Studio" not found [Plugin: com.intellij] 
2021-02-18 23:00:55,020 [  15863]   WARN - nSystem.impl.ActionManagerImpl - keymap "Eclipse" not found [Plugin: com.intellij] 
2021-02-18 23:00:55,033 [  15876]   WARN - nSystem.impl.ActionManagerImpl - keymap "NetBeans 6.5" not found [Plugin: com.intellij] 
2021-02-18 23:00:55,033 [  15876]   WARN - nSystem.impl.ActionManagerImpl - keymap "Visual Studio" not found [Plugin: com.intellij] 
2021-02-18 23:00:55,171 [  16014]   WARN - nSystem.impl.ActionManagerImpl - keymap "Eclipse" not found [Plugin: org.jetbrains.plugins.github] 
2021-02-18 23:00:55,208 [  16051]   WARN - nSystem.impl.ActionManagerImpl - keymap "Eclipse" not found [Plugin: PythonCore] 
2021-02-18 23:00:55,217 [  16060]   WARN - nSystem.impl.ActionManagerImpl - keymap "NetBeans 6.5" not found [Plugin: PythonCore] 
2021-02-18 23:01:10,100 [  30943]   WARN - .diagnostic.PerformanceWatcher - UI was frozen for 5165ms, details saved to /home/mariana/.cache/JetBrains/PyCharmCE2020.3/log/threadDumps-freeze-20210218-230109-PC-203.7148.72-FreetypeFontScaler.getGlyphImageNative-5sec 
2021-02-18 23:01:19,902 [  40745]   WARN - .diagnostic.PerformanceWatcher - UI was frozen for 8252ms, details saved to /home/mariana/.cache/JetBrains/PyCharmCE2020.3/log/threadDumps-freeze-20210218-230116-PC-203.7148.72-ClassLoader.defineClass1-8sec 
2021-02-18 23:01:39,908 [  60751]   WARN - .diagnostic.PerformanceWatcher - UI was frozen for 5188ms, details saved to /home/mariana/.cache/JetBrains/PyCharmCE2020.3/log/threadDumps-freeze-20210218-230139-PC-203.7148.72-Unsafe.park-5sec 
2021-02-18 23:01:56,284 [  77127]   WARN - .diagnostic.PerformanceWatcher - UI was frozen for 9920ms, details saved to /home/mariana/.cache/JetBrains/PyCharmCE2020.3/log/threadDumps-freeze-20210218-230151-PC-203.7148.72-Unsafe.park-9sec 
2021-02-18 23:02:34,184 [ 115027]   WARN - com.intellij.util.xmlb.Binding - no accessors for com.jetbrains.python.packaging.PyCondaPackageService 

üîç Self Discovery: The head and tail commands output only the first or last few lines (respectively) of a file to the terminal.

mariana@mariana-VirtualBox:~/–î–æ–∫—É–º–µ–Ω—Ç–∏/cursor/new_directory$ head hw.txt
1
2
3
4
5
6
7
8
9
10

mariana@mariana-VirtualBox:~/–î–æ–∫—É–º–µ–Ω—Ç–∏/cursor/new_directory$ tail hw.txt 
1
2
3
4
5
6
7
8
9
10

15. Display only the first 7 lines of the file hw.txt from the current directory on the terminal.

mariana@mariana-VirtualBox:~/–î–æ–∫—É–º–µ–Ω—Ç–∏/cursor/new_directory$ head -n 7 hw.txt
1
2
3
4
5
6
7


16*. Create test.sh with echo 'Hello' and make it executable

mariana@mariana-VirtualBox:~/–î–æ–∫—É–º–µ–Ω—Ç–∏/cursor/new_directory$ touch test.sh
mariana@mariana-VirtualBox:~/–î–æ–∫—É–º–µ–Ω—Ç–∏/cursor/new_directory$ echo "echo 'Hello'" > test.sh 
mariana@mariana-VirtualBox:~/–î–æ–∫—É–º–µ–Ω—Ç–∏/cursor/new_directory$ ls
hw1.txt  hw.txt  test.sh
mariana@mariana-VirtualBox:~/–î–æ–∫—É–º–µ–Ω—Ç–∏/cursor/new_directory$ ls -l
–∑–∞–≥–∞–ª–æ–º 8
-rw-rw-r-- 1 mariana mariana  0 –ª—é—Ç 18 22:27 hw1.txt
-rwxrw-r-- 1 mariana mariana 21 –ª—é—Ç 18 23:02 hw.txt
-rw-rw-r-- 1 mariana mariana  6 –ª—é—Ç 18 23:15 test.sh
mariana@mariana-VirtualBox:~/–î–æ–∫—É–º–µ–Ω—Ç–∏/cursor/new_directory$ chmod 775 test.sh 
mariana@mariana-VirtualBox:~/–î–æ–∫—É–º–µ–Ω—Ç–∏/cursor/new_directory$ ls -l
–∑–∞–≥–∞–ª–æ–º 8
-rw-rw-r-- 1 mariana mariana  0 –ª—é—Ç 18 22:27 hw1.txt
-rwxrw-r-- 1 mariana mariana 21 –ª—é—Ç 18 23:02 hw.txt
-rwxrwxr-x 1 mariana mariana  6 –ª—é—Ç 18 23:15 test.sh

17*. Execute test.sh

mariana@mariana-VirtualBox:~/–î–æ–∫—É–º–µ–Ω—Ç–∏/cursor/new_directory$ ./test.sh 
Hello


