1. Create a folder called cursor_git_hw

mariana@mariana-VirtualBox:~$ cd Документи/
mariana@mariana-VirtualBox:~/Документи$ mkdir cursor_git_hw

2. cd into the cursor_git_hw folder.

mariana@mariana-VirtualBox:~/Документи$ cd cursor_git_hw/

3. Create a file called first.txt.

mariana@mariana-VirtualBox:~/Документи/cursor_git_hw$ touch first.txt

4. Add first.txt to the staging area.

mariana@mariana-VirtualBox:~/Документи/cursor_git_hw$ git init
Переініціалізоване наявне спільне сховище Git в /home/mariana/Документи/cursor_git_hw/.git/
mariana@mariana-VirtualBox:~/Документи/cursor_git_hw$ git add first.txt 

5. Commit with the message "adding first.txt".

mariana@mariana-VirtualBox:~/Документи/cursor_git_hw$ git commit -m "Adding first.txt"
[master (кореневий коміт) 7538f66] Adding first.txt
 1 file changed, 0 insertions(+), 0 deletions(-)
 create mode 100644 first.txt

6. Check out your commit with git log.

mariana@mariana-VirtualBox:~/Документи/cursor_git_hw$ git log
commit 7538f66390e4e34b49aa0b7c3ed09907701e1ccf (HEAD -> master)
Author: Mariana Drozd <mariasyad@gmail.com>
Date:   Mon Feb 22 12:49:02 2021 +0200

    Adding first.txt

7. Create another file called second.txt.

mariana@mariana-VirtualBox:~/Документи/cursor_git_hw$ touch second.txt

8. Add second.txt to the staging area.

mariana@mariana-VirtualBox:~/Документи/cursor_git_hw$ git add second.txt

9. Commit with the message "adding second.txt"

mariana@mariana-VirtualBox:~/Документи/cursor_git_hw$ git commit -m "Addind second.txt"
[master f747784] Addind second.txt
 1 file changed, 0 insertions(+), 0 deletions(-)
 create mode 100644 second.txt

10. Remove the first.txt file

mariana@mariana-VirtualBox:~/Документи/cursor_git_hw$ rm first.txt
mariana@mariana-VirtualBox:~/Документи/cursor_git_hw$ ls
second.txt

11. Add this change to the staging area

mariana@mariana-VirtualBox:~/Документи/cursor_git_hw$ git add first.txt 

12. Commit with the message "removing first.txt"

mariana@mariana-VirtualBox:~/Документи/cursor_git_hw$ git commit -m "Removing first.txt"
[master 3abaad7] Removing first.txt
 1 file changed, 0 insertions(+), 0 deletions(-)
 delete mode 100644 first.txt

13. Check out your commits using git log

mariana@mariana-VirtualBox:~/Документи/cursor_git_hw$ git log
commit 3abaad741c9a1b4ba0a5833ba7719b4023d45bd6 (HEAD -> master)
Author: Mariana Drozd <mariasyad@gmail.com>
Date:   Mon Feb 22 13:00:32 2021 +0200

    Removing first.txt

commit f747784bc14d840111dce3f7714a44c2fe73876e
Author: Mariana Drozd <mariasyad@gmail.com>
Date:   Mon Feb 22 12:53:41 2021 +0200

    Addind second.txt

commit 7538f66390e4e34b49aa0b7c3ed09907701e1ccf
Author: Mariana Drozd <mariasyad@gmail.com>
Date:   Mon Feb 22 12:49:02 2021 +0200

    Adding first.txt

14. Push your changes to remote

mariana@mariana-VirtualBox:~/Документи/cursor_git_hw$ git remote set-url origin https://github.com/MarianaDrozd/git_hw.git
mariana@mariana-VirtualBox:~/Документи/cursor_git_hw$ git push
fatal: Поточна гілка master не має гілки upstream.
Щоб надіслати поточну гілку й встановити зовнішню гілку як гілку upstream, використовуйте
    git push --set-upstream origin master

mariana@mariana-VirtualBox:~/Документи/cursor_git_hw$ git push --set-upstream origin master
Username for 'https://github.com': MarianaDrozd
Password for 'https://MarianaDrozd@github.com': 
Enumerating objects: 7, виконано.
Підрахунок об’єктів: 100% (7/7), виконано.
Стиснення об’єктів: 100% (4/4), виконано.
Запис об’єктів: 100% (7/7), 652 bytes | 652.00 KiB/s, виконано.
Total 7 (delta 0), reused 0 (delta 0)
To https://github.com/MarianaDrozd/git_hw.git
 * [new branch]      master -> master
Гілка «master» відслідковує зовнішню гілку «master» з «origin».


15. Create new branch from master called `first` (without checkouting)

mariana@mariana-VirtualBox:~/Документи/cursor_git_hw$ git branch first

16. Create one more branch from master called `second` (with checkouting to it)

mariana@mariana-VirtualBox:~/Документи/cursor_git_hw$ git checkout -b second
Перейшов до нової гілки «second»

17. Change the second.txt file with "Hello" string.

mariana@mariana-VirtualBox:~/Документи/cursor_git_hw$ echo "Hello" > second.txt
mariana@mariana-VirtualBox:~/Документи/cursor_git_hw$ cat second.txt 
Hello

18. Stash you changes and checkout to first branch.

mariana@mariana-VirtualBox:~/Документи/cursor_git_hw$ git stash
Saved working directory and index state WIP on second: 3abaad7 Removing first.txt
mariana@mariana-VirtualBox:~/Документи/cursor_git_hw$ git checkout first 
Перейшов до гілки «first»

19. Checkout back and Stash Pop the changes.

mariana@mariana-VirtualBox:~/Документи/cursor_git_hw$ git checkout second
Перейшов до гілки «second»
mariana@mariana-VirtualBox:~/Документи/cursor_git_hw$ git stash pop
На гілці second
Зміни не споряджені для коміту
  (використовуйте "git add <file>..." щоб оновити дані, котрі будуть збережені в коміті)
  (use "git restore <file>..." to discard changes in working directory)
	змінено:       second.txt

жодних зміни у коміт не додано (використовуйте «git add» та/або «git commit -a»)
Dropped refs/stash@{0} (b9d9046147fce17d2bc12558c8c9d592617dff6d)

20. Add your changes to the staging area

mariana@mariana-VirtualBox:~/Документи/cursor_git_hw$ git add .
mariana@mariana-VirtualBox:~/Документи/cursor_git_hw$ git status
На гілці second
Зміни, що мають бути збережені в коміті
  (use "git restore --staged <file>..." to unstage)
	змінено:       second.txt

21. Commit with the message "Changing second.txt".

mariana@mariana-VirtualBox:~/Документи/cursor_git_hw$ git commit -m "Changing second.txt"
[second be9ce78] Changing second.txt
 1 file changed, 1 insertion(+)

22. Push your changes to remote
mariana@mariana-VirtualBox:~/Документи/cursor_git_hw$ git push origin second
Username for 'https://github.com': MarianaDrozd
Password for 'https://MarianaDrozd@github.com': 
Enumerating objects: 5, виконано.
Підрахунок об’єктів: 100% (5/5), виконано.
Запис об’єктів: 100% (3/3), 257 bytes | 257.00 KiB/s, виконано.
Total 3 (delta 0), reused 0 (delta 0)
remote: 
remote: Create a pull request for 'second' on GitHub by visiting:
remote:      https://github.com/MarianaDrozd/git_hw/pull/new/second
remote: 
To https://github.com/MarianaDrozd/git_hw.git
 * [new branch]      second -> second

23. Checkout to first branch.

mariana@mariana-VirtualBox:~/Документи/cursor_git_hw$ git checkout first
Перейшов до гілки «first»

24. Change the second.txt file with "Cursor" string.

mariana@mariana-VirtualBox:~/Документи/cursor_git_hw$ echo "Cursor" > second.txt

25. Add your changes to the staging area

mariana@mariana-VirtualBox:~/Документи/cursor_git_hw$ git add second.txt 
mariana@mariana-VirtualBox:~/Документи/cursor_git_hw$ git status
На гілці first
Зміни, що мають бути збережені в коміті
  (use "git restore --staged <file>..." to unstage)
	змінено:       second.txt

26. Commit with the message "Changing second.txt".

mariana@mariana-VirtualBox:~/Документи/cursor_git_hw$ git commit -m "Changing second.txt"
[first 0451262] Changing second.txt
 1 file changed, 1 insertion(+)

27. Push your changes to remote

mariana@mariana-VirtualBox:~/Документи/cursor_git_hw$ git push origin first
Username for 'https://github.com': MarianaDrozd
Password for 'https://MarianaDrozd@github.com': 
Enumerating objects: 5, виконано.
Підрахунок об’єктів: 100% (5/5), виконано.
Запис об’єктів: 100% (3/3), 262 bytes | 262.00 KiB/s, виконано.
Total 3 (delta 0), reused 0 (delta 0)
remote: 
remote: Create a pull request for 'first' on GitHub by visiting:
remote:      https://github.com/MarianaDrozd/git_hw/pull/new/first
remote: 
To https://github.com/MarianaDrozd/git_hw.git
 * [new branch]      first -> first

28. Checkout to master branch

mariana@mariana-VirtualBox:~/Документи/cursor_git_hw$ git checkout master
Перейшов до гілки «master»
Ваша гілка актуалізована з «origin/master».

29*. Merge the changes from second branch

mariana@mariana-VirtualBox:~/Документи/cursor_git_hw$ git merge second
Оновлення b68cf45..b267ae3
Fast-forward
 second.txt | 1 +
 1 file changed, 1 insertion(+)

30*. Then merge the changes from first branch

mariana@mariana-VirtualBox:~/Документи/cursor_git_hw$ git merge first
Автоматичне злиття second.txt
КОНФЛІКТ (вміст): Конфлікт злиття в second.txt
Не вдалося провести автоматичне злиття; виправте конфлікти й зробіть коміт результату.

31*. Resolve conflict and push the changes to remote

mariana@mariana-VirtualBox:~/Документи/cursor_git_hw$ git status
На гілці master
В Вас є незлиті шляхи.
  (виправте конфлікти і запустіть «git commit»)
  (використовуйте «git merge --abort», щоб зупинити злиття)

Незлиті шляхи:
  (використовуйте "git add <file>..." щоб позначити зміни)
	обидві зміни:          second.txt

жодних зміни у коміт не додано (використовуйте «git add» та/або «git commit -a»)
mariana@mariana-VirtualBox:~/Документи/cursor_git_hw$ cat second.txt 
<<<<<<< HEAD
Hello
=======
Cursor
>>>>>>> first
mariana@mariana-VirtualBox:~/Документи/cursor_git_hw$ nano second.txt 
mariana@mariana-VirtualBox:~/Документи/cursor_git_hw$ cat second.txt 
Hello
Cursor
mariana@mariana-VirtualBox:~/Документи/cursor_git_hw$ git add second.txt 
mariana@mariana-VirtualBox:~/Документи/cursor_git_hw$ git status
На гілці master
Усі конфлікти виправлені, але Ви усе ще у процесі злиття.
  (використовуйте «git commit», щоб завершити злиття)

Зміни, що мають бути збережені в коміті
	змінено:       second.txt

mariana@mariana-VirtualBox:~/Документи/cursor_git_hw$ git commit -m "Resolve conflict in second.txt"
[master 233ed6b] Resolve conflict in second.txt
 1 file changed, 1 insertion(+), 3 deletions(-)
mariana@mariana-VirtualBox:~/Документи/cursor_git_hw$ git push origin --all
Username for 'https://github.com': MarianaDrozd
Password for 'https://MarianaDrozd@github.com': 
Enumerating objects: 5, виконано.
Підрахунок об’єктів: 100% (5/5), виконано.
Запис об’єктів: 100% (3/3), 278 bytes | 278.00 KiB/s, виконано.
Total 3 (delta 0), reused 0 (delta 0)
To https://github.com/MarianaDrozd/git_hw.git
   0d78d6e..233ed6b  master -> master

